I'm sorry, but errors were detected in your script. Please correct the
errors listed below, and try again.


File "game/quests/exterieurs.rpy", line 31: 'standout' is not a keyword argument or valid child of the text statement.
    text "Entrer" align (0.5, 0.5) color "#0000" hover_color "#ffff" size 50 standout True
                                                                                     ^

File "game/quests/exterieurs.rpy", line 54: 'standout' is not a keyword argument or valid child of the text statement.
    text "Entrer" align (0.5, 0.5) color "#0000" hover_color "#ffff" size 40 standout True
                                                                                     ^

File "game/quests/exterieurs.rpy", line 111: 'standout' is not a keyword argument or valid child of the text statement.
    text "Entrer" align (0.5, 0.5) color "#0000" hover_color "#ffff" size 50 standout True
                                                                                     ^

Ren'Py Version: Ren'Py 8.5.2.26010301
Thu May  7 15:16:33 2026
